Pager usage is off.
BEGIN
 transaction_read_only 
-----------------------
 on
(1 row)

                  id                  | lane  | version |  status   |         published_at          
--------------------------------------+-------+---------+-----------+-------------------------------
 3dd9a35e-dd33-4526-8584-585e057a6058 | story | 22      | published | 2026-10-06 08:52:55.848184+00
(1 row)

                  id                  |      lane      | version |  status   |         published_at          
--------------------------------------+----------------+---------+-----------+-------------------------------
 4f446070-dc83-416a-b53d-3f43546ac15c | story          | 17      | published | 2026-10-05 04:52:55.078314+00
 4da67d2d-bb07-44d8-b307-0e790bab03e3 | character      | 18      | published | 2026-10-05 04:53:55.861382+00
 d22ab240-0abb-46bf-b12c-0d638563f0b1 | publish_filter | 19      | published | 2026-10-05 04:54:46.322794+00
 b5305c39-e0af-4d32-ac28-578550b31fb9 | story          | 20      | published | 2026-10-06 02:26:47.124772+00
 502dcff3-66ce-46ad-8c84-13dbba6fe81a | character      | 21      | published | 2026-10-06 02:26:47.147299+00
 3dd9a35e-dd33-4526-8584-585e057a6058 | story          | 22      | published | 2026-10-06 08:52:55.848184+00
(6 rows)

Output format is unaligned.
?column?|body
#### stat_judgment|story|stat_defs_intro||1|01e0439858c00e6ac72076d325891255|다음은 스토리 챗의 스탯 정의와 현재 값이다.
{stat_lines}
#### stat_judgment|story|user_name||2|9f8a4e5fad87814967dbb441f70c6557|대화 속 사용자의 이름: {user_name}
#### stat_judgment|story|turn_context||3|aa145d0255cc33b4d214c871b65fef0a|[대화 기록]
{user_label}: {user_message}
{assistant_label}: {assistant_message}
#### stat_judgment|story|judgment_instruction||4|a5bf3ed4a1d6b81f3d1c6e326672c0ec|위 대화, 특히 마지막 사용자 행동과 그에 대한 응답을 근거로 각 스탯이 이번 턴에 어떻게 변해야 하는지 판단하라. 변화가 없는 스탯은 statChanges에 포함하지 않아도 된다. newValue는 항상 그 스탯의 최종 절대값으로 응답하라. 각 스탯 설명에 적힌 증감 제약은 연출 지침이 아니라 반드시 지켜야 하는 규칙이다. '절대 늘어나지 않는다'고 적힌 스탯은 현재값보다 큰 값을 내지 말고, '절대 감소하지 않는다'고 적힌 스탯은 현재값보다 작은 값을 내지 마라. 변화 폭도 지켜야 하는 규칙이다. 스탯 설명에 한 번에 움직이는 폭이 숫자로 적혀 있으면(예: '1씩') 그 폭을 따른다. 설명에 폭이 숫자로 적혀 있지 않으면, 한 턴의 변화는 그 스탯 범위(최댓값에서 최솟값을 뺀 값)의 5% 이내로 하고, 이번 턴의 사용자 행동이 이야기의 방향을 바꾸는 결정적인 사건일 때만 10~15%까지 움직인다. 이때도 범위의 15%를 넘기지 마라. 다만 범위가 작아 1의 변화만으로도 범위의 15%를 넘는 스탯은, 이번 턴 사용자 행동이 그 변화를 직접 일으켰을 때 한 턴에 1까지 움직일 수 있다. 폭의 근거는 이번 턴 사용자 행동의 크기이지 응답 서술의 과장이 아니다. 응답이 상황을 부풀리거나 새 사건을 덧붙였더라도 그만큼 스탯을 더 움직이지 마라.
(4 rows)
?column?|description
#### stat|도희 호감도|f4ea782d-d961-4abd-9c89-acce57fc77e8|0|100|20|8|both|-|0|도희가 사용자에게 마음을 여는 정도. 도희는 말보다 일로 사람을 본다 — 사용자가 맡은 촬영 일을 책임지고 해내거나, 도희의 판단에 이유를 들어 솔직하게 의견을 내거나, 도희가 혼자 떠안은 짐을 알아채고 나눠 들 때 오른다. 약속한 시간에 늦거나, 일을 대충 넘기거나, 도희를 다른 사람과 견주면 내려간다. 폭은 이번 턴 사용자의 행동으로 정한다. 사용자가 도희에게 직접 말하거나 행동해 도희의 일이나 사정에 응한 턴은 2~4 오른다. 도희에게는 쉽게 보여 주지 않는 것이 있다. 사용자가 그것을 알아채고 도희 곁에 남거나, 도희가 꺼낸 그것을 받아 준 턴은 6~8 오른다. 도희와 같은 장면에 있기만 했거나, 도희가 사용자에게 말을 걸었더라도 사용자가 도희에게 응하지 않았으면 0~1. 내려갈 때는 한 턴에 1~4다. 이번 턴에 도희가 장면에 나오지 않고 대화에서 언급되지도 않았다면 값을 그대로 둔다.
#### stat|유나 호감도|a6d72e2f-6997-4cde-b37f-3649ace51712|0|100|20|8|both|-|1|유나가 사용자에게 연기가 아닌 얼굴을 보여 주는 정도. 사용자가 리딩 상대를 성실히 해 주거나, 유나의 농담 뒤에 숨은 말을 알아듣고 받아 주거나, 유나가 굳었을 때 재촉하지 않고 기다려 줄 때 오른다. 유나의 진지한 말을 농담으로 넘기거나, 연기를 평가하듯 몰아붙이면 내려간다. 폭은 이번 턴 사용자의 행동으로 정한다. 사용자가 유나에게 직접 말하거나 행동해 유나의 일이나 사정에 응한 턴은 2~4 오른다. 유나에게는 쉽게 보여 주지 않는 것이 있다. 사용자가 그것을 알아채고 유나 곁에 남거나, 유나가 꺼낸 그것을 받아 준 턴은 6~8 오른다. 유나와 같은 장면에 있기만 했거나, 유나가 사용자에게 말을 걸었더라도 사용자가 유나에게 응하지 않았으면 0~1. 내려갈 때는 한 턴에 1~4다. 이번 턴에 유나가 장면에 나오지 않고 대화에서 언급되지도 않았다면 값을 그대로 둔다.
#### stat|세빈 호감도|8a408564-71e5-4c00-be6f-118982a0a337|0|100|20|8|both|-|2|세빈이 사용자에게 자기 화면을 보여 주는 정도. 사용자가 세빈의 촬영·편집 얘기를 끝까지 듣거나, 세빈이 찍은 컷을 구체적으로 알아봐 주거나, 세빈 대신 나서지 않고 세빈이 말할 자리를 만들어 줄 때 오른다. 세빈의 일을 가볍게 여기거나, 허락 없이 세빈의 영상을 남에게 보여 주면 내려간다. 폭은 이번 턴 사용자의 행동으로 정한다. 사용자가 세빈에게 직접 말하거나 행동해 세빈의 일이나 사정에 응한 턴은 2~4 오른다. 세빈에게는 쉽게 보여 주지 않는 것이 있다. 사용자가 그것을 알아채고 세빈 곁에 남거나, 세빈이 보여 준 그것을 받아 준 턴은 6~8 오른다. 세빈과 같은 장면에 있기만 했거나, 세빈이 사용자에게 말을 걸었더라도 사용자가 세빈에게 응하지 않았으면 0~1. 내려갈 때는 한 턴에 1~4다. 이번 턴에 세빈이 장면에 나오지 않고 대화에서 언급되지도 않았다면 값을 그대로 둔다.
#### stat|상영회까지|963cc4b8-9602-4d56-a03a-7ffbe22886a1|0|46|46|7|decrease|-|3|가을 상영회 날까지 남은 날수. 이야기 속에서 날이 바뀐 턴에만 지난 날수만큼 한 턴에 1~7 줄어든다 — '사흘 뒤'면 3, '다음 날'이나 밤을 넘겨 아침이 됐으면 1. 장면을 며칠 뒤로 옮긴 것이 사용자의 요청이든 서술이든 지난 날수는 그대로 센다. 같은 날 안에서 이어지는 대화라면 그대로 둔다. 어떤 일로도 늘지 않는다. 0이면 상영회 당일이다.
(4 rows)
ROLLBACK
