{"file": "probe-runs/ending-priority-2026-10-06/d2fix/replay/s2-candA.jsonl", "calls": 3.0, "knownUsd": 0.002224, "unknownCalls": 0.0}
{"file": "probe-runs/ending-priority-2026-10-06/d2fix/replay/s2-candB.jsonl", "calls": 3.0, "knownUsd": 0.002231, "unknownCalls": 0.0}
{"file": "probe-runs/ending-priority-2026-10-06/d2fix/replay/s2-current.jsonl", "calls": 3.0, "knownUsd": 0.002456, "unknownCalls": 0.0}
{"file": "probe-runs/ending-priority-2026-10-06/d2fix/replay/s3-candA.jsonl", "calls": 3.0, "knownUsd": 0.001975, "unknownCalls": 0.0}
{"file": "probe-runs/ending-priority-2026-10-06/d2fix/replay/s3-candB.jsonl", "calls": 3.0, "knownUsd": 0.001979, "unknownCalls": 0.0}
{"file": "probe-runs/ending-priority-2026-10-06/d2fix/replay/s3-current.jsonl", "calls": 3.0, "knownUsd": 0.001937, "unknownCalls": 0.0}
{"file": "probe-runs/ending-priority-2026-10-06/d2fix/replay/t008-candA.jsonl", "calls": 3.0, "knownUsd": 0.001995, "unknownCalls": 0.0}
{"file": "probe-runs/ending-priority-2026-10-06/d2fix/replay/t008-candB.jsonl", "calls": 3.0, "knownUsd": 0.001999, "unknownCalls": 0.0}
{"file": "probe-runs/ending-priority-2026-10-06/d2fix/replay/t008-current.jsonl", "calls": 3.0, "knownUsd": 0.001956, "unknownCalls": 0.0}
{"file": "probe-runs/ending-priority-2026-10-06/d2fix/replay/t021-candA.jsonl", "calls": 3.0, "knownUsd": 0.001711, "unknownCalls": 0.0}
{"file": "probe-runs/ending-priority-2026-10-06/d2fix/replay/t021-candB.jsonl", "calls": 3.0, "knownUsd": 0.001714, "unknownCalls": 0.0}
{"file": "probe-runs/ending-priority-2026-10-06/d2fix/replay/t021-current.jsonl", "calls": 3.0, "knownUsd": 0.001672, "unknownCalls": 0.0}
{"file": "probe-runs/ending-priority-2026-10-06/d2fix/replay/t022-candA.jsonl", "calls": 3.0, "knownUsd": 0.001703, "unknownCalls": 0.0}
{"file": "probe-runs/ending-priority-2026-10-06/d2fix/replay/t022-candB.jsonl", "calls": 3.0, "knownUsd": 0.001706, "unknownCalls": 0.0}
{"file": "probe-runs/ending-priority-2026-10-06/d2fix/replay/t022-current.jsonl", "calls": 3.0, "knownUsd": 0.001664, "unknownCalls": 0.0}
{"file": "probe-runs/ending-priority-2026-10-06/d2fix/replay/t038-candA.jsonl", "calls": 3.0, "knownUsd": 0.001714, "unknownCalls": 0.0}
{"file": "probe-runs/ending-priority-2026-10-06/d2fix/replay/t038-candB.jsonl", "calls": 3.0, "knownUsd": 0.001718, "unknownCalls": 0.0}
{"file": "probe-runs/ending-priority-2026-10-06/d2fix/replay/t038-current.jsonl", "calls": 3.0, "knownUsd": 0.001675, "unknownCalls": 0.0}
{"file": "probe-runs/ending-priority-2026-10-06/d2fix/replay/t060-candA.jsonl", "calls": 3.0, "knownUsd": 0.001774, "unknownCalls": 0.0}
{"file": "probe-runs/ending-priority-2026-10-06/d2fix/replay/t060-candB.jsonl", "calls": 3.0, "knownUsd": 0.002041, "unknownCalls": 0.0}
{"file": "probe-runs/ending-priority-2026-10-06/d2fix/replay/t060-current.jsonl", "calls": 3.0, "knownUsd": 0.001735, "unknownCalls": 0.0}
{"file": "probe-runs/ending-priority-2026-10-06/d2fix/replay/t061-candA.jsonl", "calls": 3.0, "knownUsd": 0.002026, "unknownCalls": 0.0}
{"file": "probe-runs/ending-priority-2026-10-06/d2fix/replay/t061-candB.jsonl", "calls": 3.0, "knownUsd": 0.00203, "unknownCalls": 0.0}
{"file": "probe-runs/ending-priority-2026-10-06/d2fix/replay/t061-current.jsonl", "calls": 3.0, "knownUsd": 0.001798, "unknownCalls": 0.0}
{"file": "probe-runs/ending-priority-2026-10-06/d2fix/replay/t074-candA.jsonl", "calls": 3.0, "knownUsd": 0.002314, "unknownCalls": 0.0}
{"file": "probe-runs/ending-priority-2026-10-06/d2fix/replay/t074-candB.jsonl", "calls": 3.0, "knownUsd": 0.002318, "unknownCalls": 0.0}
{"file": "probe-runs/ending-priority-2026-10-06/d2fix/replay/t074-current.jsonl", "calls": 3.0, "knownUsd": 0.002275, "unknownCalls": 0.0}
{"file": "probe-runs/ending-priority-2026-10-06/d2fix/replay/t088-candA.jsonl", "calls": 3.0, "knownUsd": 0.002097, "unknownCalls": 0.0}
{"file": "probe-runs/ending-priority-2026-10-06/d2fix/replay/t088-candB.jsonl", "calls": 3.0, "knownUsd": 0.002101, "unknownCalls": 0.0}
{"file": "probe-runs/ending-priority-2026-10-06/d2fix/replay/t088-current.jsonl", "calls": 3.0, "knownUsd": 0.001772, "unknownCalls": 0.0}
{"file": "probe-runs/ending-priority-2026-10-06/d2fix/replay/t095-candA.jsonl", "calls": 3.0, "knownUsd": 0.001943, "unknownCalls": 0.0}
{"file": "probe-runs/ending-priority-2026-10-06/d2fix/replay/t095-candB.jsonl", "calls": 3.0, "knownUsd": 0.00177, "unknownCalls": 0.0}
{"file": "probe-runs/ending-priority-2026-10-06/d2fix/replay/t095-current.jsonl", "calls": 3.0, "knownUsd": 0.002011, "unknownCalls": 0.0}
{"file": "probe-runs/ending-priority-2026-10-06/d2fix/replay/t105-candA.jsonl", "calls": 3.0, "knownUsd": 0.001649, "unknownCalls": 0.0}
{"file": "probe-runs/ending-priority-2026-10-06/d2fix/replay/t105-candB.jsonl", "calls": 3.0, "knownUsd": 0.00165, "unknownCalls": 0.0}
{"file": "probe-runs/ending-priority-2026-10-06/d2fix/replay/t105-current.jsonl", "calls": 3.0, "knownUsd": 0.001607, "unknownCalls": 0.0}
{"files": 36, "calls": 108, "knownUsd": 0.068939, "unknownCalls": 0, "chargedUsd": 0.068939}
